c by_pk 26569
c rows_10 40646
c rows_100 57479
c rows_1000 260064
c insert 39609
c join_agg 3110020
go by_pk 44644
go rows_10 64437
go rows_100 80706
go rows_1000 261855
go insert 48807
go join_agg 3060281
diesel by_pk 41800
diesel rows_10 63556
diesel rows_100 90969
diesel rows_1000 305137
diesel insert 44420
diesel join_agg 3039770
bsql by_pk 26256
bsql rows_10 39941
bsql rows_100 52602
bsql rows_1000 233370
bsql insert 42163
bsql join_agg 3010995
bsql_sync by_pk 24622
bsql_sync rows_10 37168
bsql_sync rows_100 49610
bsql_sync rows_1000 232406
bsql_sync insert 37225
bsql_sync join_agg 2992356
tokio_postgres by_pk 39805
tokio_postgres rows_10 53220
tokio_postgres rows_100 72083
tokio_postgres rows_1000 279852
tokio_postgres insert 43532
tokio_postgres join_agg 3049228
sqlx by_pk 27751
sqlx rows_10 42618
sqlx rows_100 69601
sqlx rows_1000 287039
sqlx insert 45300
sqlx join_agg 3033674
c by_pk 25496
c rows_10 39691
c rows_100 54713
c rows_1000 250267
c insert 37380
c join_agg 3038028
go by_pk 52117
go rows_10 74819
go rows_100 77815
go rows_1000 258719
go insert 58670
go join_agg 3047145
diesel by_pk 41332
diesel rows_10 55080
diesel rows_100 78588
diesel rows_1000 295508
diesel insert 44038
diesel join_agg 3024021
bsql by_pk 26106
bsql rows_10 40026
bsql rows_100 52354
bsql rows_1000 234444
bsql insert 43062
bsql join_agg 3000262
bsql_sync by_pk 24596
bsql_sync rows_10 37172
bsql_sync rows_100 49681
bsql_sync rows_1000 232728
bsql_sync insert 38018
bsql_sync join_agg 2992554
tokio_postgres by_pk 39912
tokio_postgres rows_10 52980
tokio_postgres rows_100 72020
tokio_postgres rows_1000 279851
tokio_postgres insert 43249
tokio_postgres join_agg 3052481
sqlx by_pk 27866
sqlx rows_10 42591
sqlx rows_100 70101
sqlx rows_1000 293094
sqlx insert 44991
sqlx join_agg 3026346
c by_pk 24940
c rows_10 38528
c rows_100 54619
c rows_1000 250122
c insert 37124
c join_agg 3016358
go by_pk 53182
go rows_10 75628
go rows_100 78518
go rows_1000 259532
go insert 58288
go join_agg 3042996
diesel by_pk 41295
diesel rows_10 55370
diesel rows_100 78295
diesel rows_1000 295264
diesel insert 43795
diesel join_agg 3029026
bsql by_pk 26165
bsql rows_10 39992
bsql rows_100 52684
bsql rows_1000 234044
bsql insert 43554
bsql join_agg 3011775
bsql_sync by_pk 24574
bsql_sync rows_10 37366
bsql_sync rows_100 50197
bsql_sync rows_1000 232966
bsql_sync insert 37515
bsql_sync join_agg 2991546
tokio_postgres by_pk 39813
tokio_postgres rows_10 52962
tokio_postgres rows_100 71737
tokio_postgres rows_1000 279607
tokio_postgres insert 43060
tokio_postgres join_agg 3088151
sqlx by_pk 27950
sqlx rows_10 42868
sqlx rows_100 70084
sqlx rows_1000 287223
sqlx insert 46675
sqlx join_agg 3037091
SWEEP_DONE
